// Jest Snapshot v1, https://goo.gl/fbAQLP

exports[`On render, check that ArticleCard is rendered with correct Image 1`] = `
<div
  class="rounded border border-hmash hover:border-hmred p-4 cursor-pointer text-sm"
>
  <div
    class="mb-3"
  >
    <img
      alt="product image"
      class="h-52 md:h-48 w-full"
      src="https://cdn1.home24.net/images/media/catalog/product/200x200/png/m/a/matratzenbezug-smood-webstoff-180-x-200cm-3477221.webp"
    />
  </div>
  <p>
    Premium Komfortmatratze Smood
  </p>
  <p
    class="font-bold my-2"
  >
    549,99 €
  </p>
  <div
    class="mt-3 mb-2"
  >
    <button
      class="text-sm rounded text-white p-3 cursor-pointer bg-hmred hover:bg-orange-500 block w-full"
    >
      Add to cart
    </button>
  </div>
</div>
`;
